Archive member included to satisfy reference by file (symbol)

/opt/arm-gnu-toolchain-14.2.rel1-x86_64-arm-none-eabi/bin/../lib/gcc/arm-none-eabi/14.2.1/../../../../arm-none-eabi/lib/thumb/v7-m/nofp/libc_nano.a(libc_a-exit.o)
                              /opt/arm-gnu-toolchain-14.2.rel1-x86_64-arm-none-eabi/bin/../lib/gcc/arm-none-eabi/14.2.1/../../../../arm-none-eabi/lib/thumb/v7-m/nofp/crt0.o (exit)
/opt/arm-gnu-toolchain-14.2.rel1-x86_64-arm-none-eabi/bin/../lib/gcc/arm-none-eabi/14.2.1/../../../../arm-none-eabi/lib/thumb/v7-m/nofp/libc_nano.a(libc_a-findfp.o)
                              /opt/arm-gnu-toolchain-14.2.rel1-x86_64-arm-none-eabi/bin/../lib/gcc/arm-none-eabi/14.2.1/../../../../arm-none-eabi/lib/thumb/v7-m/nofp/libc_nano.a(libc_a-exit.o) (__stdio_exit_handler)
/opt/arm-gnu-toolchain-14.2.rel1-x86_64-arm-none-eabi/bin/../lib/gcc/arm-none-eabi/14.2.1/../../../../arm-none-eabi/lib/thumb/v7-m/nofp/libc_nano.a(libc_a-fwalk.o)
                              /opt/arm-gnu-toolchain-14.2.rel1-x86_64-arm-none-eabi/bin/../lib/gcc/arm-none-eabi/14.2.1/../../../../arm-none-eabi/lib/thumb/v7-m/nofp/libc_nano.a(libc_a-findfp.o) (_fwalk_sglue)
/opt/arm-gnu-toolchain-14.2.rel1-x86_64-arm-none-eabi/bin/../lib/gcc/arm-none-eabi/14.2.1/../../../../arm-none-eabi/lib/thumb/v7-m/nofp/libc_nano.a(libc_a-stdio.o)
                              /opt/arm-gnu-toolchain-14.2.rel1-x86_64-arm-none-eabi/bin/../lib/gcc/arm-none-eabi/14.2.1/../../../../arm-none-eabi/lib/thumb/v7-m/nofp/libc_nano.a(libc_a-findfp.o) (__sread)
/opt/arm-gnu-toolchain-14.2.rel1-x86_64-arm-none-eabi/bin/../lib/gcc/arm-none-eabi/14.2.1/../../../../arm-none-eabi/lib/thumb/v7-m/nofp/libc_nano.a(libc_a-memset.o)
                              /opt/arm-gnu-toolchain-14.2.rel1-x86_64-arm-none-eabi/bin/../lib/gcc/arm-none-eabi/14.2.1/../../../../arm-none-eabi/lib/thumb/v7-m/nofp/crt0.o (memset)
/opt/arm-gnu-toolchain-14.2.rel1-x86_64-arm-none-eabi/bin/../lib/gcc/arm-none-eabi/14.2.1/../../../../arm-none-eabi/lib/thumb/v7-m/nofp/libc_nano.a(libc_a-closer.o)
                              /opt/arm-gnu-toolchain-14.2.rel1-x86_64-arm-none-eabi/bin/../lib/gcc/arm-none-eabi/14.2.1/../../../../arm-none-eabi/lib/thumb/v7-m/nofp/libc_nano.a(libc_a-stdio.o) (_close_r)
/opt/arm-gnu-toolchain-14.2.rel1-x86_64-arm-none-eabi/bin/../lib/gcc/arm-none-eabi/14.2.1/../../../../arm-none-eabi/lib/thumb/v7-m/nofp/libc_nano.a(libc_a-reent.o)
                              /opt/arm-gnu-toolchain-14.2.rel1-x86_64-arm-none-eabi/bin/../lib/gcc/arm-none-eabi/14.2.1/../../../../arm-none-eabi/lib/thumb/v7-m/nofp/libc_nano.a(libc_a-closer.o) (errno)
/opt/arm-gnu-toolchain-14.2.rel1-x86_64-arm-none-eabi/bin/../lib/gcc/arm-none-eabi/14.2.1/../../../../arm-none-eabi/lib/thumb/v7-m/nofp/libc_nano.a(libc_a-impure.o)
                              /opt/arm-gnu-toolchain-14.2.rel1-x86_64-arm-none-eabi/bin/../lib/gcc/arm-none-eabi/14.2.1/../../../../arm-none-eabi/lib/thumb/v7-m/nofp/libc_nano.a(libc_a-reent.o) (_impure_ptr)
/opt/arm-gnu-toolchain-14.2.rel1-x86_64-arm-none-eabi/bin/../lib/gcc/arm-none-eabi/14.2.1/../../../../arm-none-eabi/lib/thumb/v7-m/nofp/libc_nano.a(libc_a-lseekr.o)
                              /opt/arm-gnu-toolchain-14.2.rel1-x86_64-arm-none-eabi/bin/../lib/gcc/arm-none-eabi/14.2.1/../../../../arm-none-eabi/lib/thumb/v7-m/nofp/libc_nano.a(libc_a-stdio.o) (_lseek_r)
/opt/arm-gnu-toolchain-14.2.rel1-x86_64-arm-none-eabi/bin/../lib/gcc/arm-none-eabi/14.2.1/../../../../arm-none-eabi/lib/thumb/v7-m/nofp/libc_nano.a(libc_a-readr.o)
                              /opt/arm-gnu-toolchain-14.2.rel1-x86_64-arm-none-eabi/bin/../lib/gcc/arm-none-eabi/14.2.1/../../../../arm-none-eabi/lib/thumb/v7-m/nofp/libc_nano.a(libc_a-stdio.o) (_read_r)
/opt/arm-gnu-toolchain-14.2.rel1-x86_64-arm-none-eabi/bin/../lib/gcc/arm-none-eabi/14.2.1/../../../../arm-none-eabi/lib/thumb/v7-m/nofp/libc_nano.a(libc_a-writer.o)
                              /opt/arm-gnu-toolchain-14.2.rel1-x86_64-arm-none-eabi/bin/../lib/gcc/arm-none-eabi/14.2.1/../../../../arm-none-eabi/lib/thumb/v7-m/nofp/libc_nano.a(libc_a-stdio.o) (_write_r)
/opt/arm-gnu-toolchain-14.2.rel1-x86_64-arm-none-eabi/bin/../lib/gcc/arm-none-eabi/14.2.1/../../../../arm-none-eabi/lib/thumb/v7-m/nofp/libc_nano.a(libc_a-init.o)
                              /opt/arm-gnu-toolchain-14.2.rel1-x86_64-arm-none-eabi/bin/../lib/gcc/arm-none-eabi/14.2.1/../../../../arm-none-eabi/lib/thumb/v7-m/nofp/crt0.o (__libc_init_array)
/opt/arm-gnu-toolchain-14.2.rel1-x86_64-arm-none-eabi/bin/../lib/gcc/arm-none-eabi/14.2.1/../../../../arm-none-eabi/lib/thumb/v7-m/nofp/libc_nano.a(libc_a-lock.o)
                              /opt/arm-gnu-toolchain-14.2.rel1-x86_64-arm-none-eabi/bin/../lib/gcc/arm-none-eabi/14.2.1/../../../../arm-none-eabi/lib/thumb/v7-m/nofp/libc_nano.a(libc_a-findfp.o) (__retarget_lock_init_recursive)
[...]
Memory Configuration

Name             Origin             Length             Attributes
FLASH            0x08000000         0x00010000         xr
RAM              0x20000000         0x00005000         xrw
*default*        0x00000000         0xffffffff

Linker script and memory map

LOAD /opt/arm-gnu-toolchain-14.2.rel1-x86_64-arm-none-eabi/bin/../lib/gcc/arm-none-eabi/14.2.1/thumb/v7-m/nofp/crti.o
LOAD /opt/arm-gnu-toolchain-14.2.rel1-x86_64-arm-none-eabi/bin/../lib/gcc/arm-none-eabi/14.2.1/thumb/v7-m/nofp/crtbegin.o
LOAD /opt/arm-gnu-toolchain-14.2.rel1-x86_64-arm-none-eabi/bin/../lib/gcc/arm-none-eabi/14.2.1/../../../../arm-none-eabi/lib/thumb/v7-m/nofp/crt0.o
START GROUP
LOAD /opt/arm-gnu-toolchain-14.2.rel1-x86_64-arm-none-eabi/bin/../lib/gcc/arm-none-eabi/14.2.1/../../../../arm-none-eabi/lib/thumb/v7-m/nofp/libc_nano.a
LOAD /opt/arm-gnu-toolchain-14.2.rel1-x86_64-arm-none-eabi/bin/../lib/gcc/arm-none-eabi/14.2.1/../../../../arm-none-eabi/lib/thumb/v7-m/nofp/libm.a
END GROUP
LOAD CMakeFiles/APM32F103C8_Template.dir/Libraries/Device/Geehy/APM32F10x/Source/system_apm32f10x.c.obj
LOAD CMakeFiles/APM32F103C8_Template.dir/Libraries/Device/Geehy/APM32F10x/Source/gcc/startup_apm32f10x_hd.S.obj
LOAD CMakeFiles/APM32F103C8_Template.dir/Libraries/APM32F10x_StdPeriphDriver/src/apm32f10x_adc.c.obj
LOAD CMakeFiles/APM32F103C8_Template.dir/Libraries/APM32F10x_StdPeriphDriver/src/apm32f10x_bakpr.c.obj
LOAD CMakeFiles/APM32F103C8_Template.dir/Libraries/APM32F10x_StdPeriphDriver/src/apm32f10x_can.c.obj
LOAD CMakeFiles/APM32F103C8_Template.dir/Libraries/APM32F10x_StdPeriphDriver/src/apm32f10x_crc.c.obj
LOAD CMakeFiles/APM32F103C8_Template.dir/Libraries/APM32F10x_StdPeriphDriver/src/apm32f10x_dac.c.obj
LOAD CMakeFiles/APM32F103C8_Template.dir/Libraries/APM32F10x_StdPeriphDriver/src/apm32f10x_dbgmcu.c.obj
LOAD CMakeFiles/APM32F103C8_Template.dir/Libraries/APM32F10x_StdPeriphDriver/src/apm32f10x_dma.c.obj
LOAD CMakeFiles/APM32F103C8_Template.dir/Libraries/APM32F10x_StdPeriphDriver/src/apm32f10x_dmc.c.obj
LOAD CMakeFiles/APM32F103C8_Template.dir/Libraries/APM32F10x_StdPeriphDriver/src/apm32f10x_eint.c.obj
LOAD CMakeFiles/APM32F103C8_Template.dir/Libraries/APM32F10x_StdPeriphDriver/src/apm32f10x_smc.c.obj
LOAD CMakeFiles/APM32F103C8_Template.dir/Libraries/APM32F10x_StdPeriphDriver/src/apm32f10x_fmc.c.obj
LOAD CMakeFiles/APM32F103C8_Template.dir/Libraries/APM32F10x_StdPeriphDriver/src/apm32f10x_gpio.c.obj
LOAD CMakeFiles/APM32F103C8_Template.dir/Libraries/APM32F10x_StdPeriphDriver/src/apm32f10x_i2c.c.obj
LOAD CMakeFiles/APM32F103C8_Template.dir/Libraries/APM32F10x_StdPeriphDriver/src/apm32f10x_iwdt.c.obj
LOAD CMakeFiles/APM32F103C8_Template.dir/Libraries/APM32F10x_StdPeriphDriver/src/apm32f10x_misc.c.obj
LOAD CMakeFiles/APM32F103C8_Template.dir/Libraries/APM32F10x_StdPeriphDriver/src/apm32f10x_pmu.c.obj
LOAD CMakeFiles/APM32F103C8_Template.dir/Libraries/APM32F10x_StdPeriphDriver/src/apm32f10x_qspi.c.obj
LOAD CMakeFiles/APM32F103C8_Template.dir/Libraries/APM32F10x_StdPeriphDriver/src/apm32f10x_rcm.c.obj
LOAD CMakeFiles/APM32F103C8_Template.dir/Libraries/APM32F10x_StdPeriphDriver/src/apm32f10x_rtc.c.obj
LOAD CMakeFiles/APM32F103C8_Template.dir/Libraries/APM32F10x_StdPeriphDriver/src/apm32f10x_sci2c.c.obj
LOAD CMakeFiles/APM32F103C8_Template.dir/Libraries/APM32F10x_StdPeriphDriver/src/apm32f10x_sdio.c.obj
LOAD CMakeFiles/APM32F103C8_Template.dir/Libraries/APM32F10x_StdPeriphDriver/src/apm32f10x_spi.c.obj
LOAD CMakeFiles/APM32F103C8_Template.dir/Libraries/APM32F10x_StdPeriphDriver/src/apm32f10x_tmr.c.obj
LOAD CMakeFiles/APM32F103C8_Template.dir/Libraries/APM32F10x_StdPeriphDriver/src/apm32f10x_usart.c.obj
LOAD CMakeFiles/APM32F103C8_Template.dir/Libraries/APM32F10x_StdPeriphDriver/src/apm32f10x_wwdt.c.obj
LOAD CMakeFiles/APM32F103C8_Template.dir/Source/main.c.obj
LOAD CMakeFiles/APM32F103C8_Template.dir/Source/apm32f10x_int.c.obj
LOAD CMakeFiles/APM32F103C8_Template.dir/Boards/Board.c.obj
START GROUP
LOAD /opt/arm-gnu-toolchain-14.2.rel1-x86_64-arm-none-eabi/bin/../lib/gcc/arm-none-eabi/14.2.1/thumb/v7-m/nofp/libgcc.a
LOAD /opt/arm-gnu-toolchain-14.2.rel1-x86_64-arm-none-eabi/bin/../lib/gcc/arm-none-eabi/14.2.1/../../../../arm-none-eabi/lib/thumb/v7-m/nofp/libg_nano.a
LOAD /opt/arm-gnu-toolchain-14.2.rel1-x86_64-arm-none-eabi/bin/../lib/gcc/arm-none-eabi/14.2.1/../../../../arm-none-eabi/lib/thumb/v7-m/nofp/libc_nano.a
END GROUP
START GROUP
LOAD /opt/arm-gnu-toolchain-14.2.rel1-x86_64-arm-none-eabi/bin/../lib/gcc/arm-none-eabi/14.2.1/thumb/v7-m/nofp/libgcc.a
LOAD /opt/arm-gnu-toolchain-14.2.rel1-x86_64-arm-none-eabi/bin/../lib/gcc/arm-none-eabi/14.2.1/../../../../arm-none-eabi/lib/thumb/v7-m/nofp/libc_nano.a
END GROUP
LOAD /opt/arm-gnu-toolchain-14.2.rel1-x86_64-arm-none-eabi/bin/../lib/gcc/arm-none-eabi/14.2.1/thumb/v7-m/nofp/crtend.o
LOAD /opt/arm-gnu-toolchain-14.2.rel1-x86_64-arm-none-eabi/bin/../lib/gcc/arm-none-eabi/14.2.1/thumb/v7-m/nofp/crtn.o
                0x08000000                        _rom_base = 0x8000000
                0x00010000                        _rom_size = 0x10000
                0x20000000                        _ram_base = 0x20000000
                0x00005000                        _ram_size = 0x5000
                0x20005000                        _end_stack = 0x20005000
                0x00000200                        _heap_size = 0x200
                0x00000400                        _stack_size = 0x400

.apm32_isr_vector
                0x08000000      0x144
                0x08000000                        . = ALIGN (0x4)
 *(.apm32_isr_vector)
 .apm32_isr_vector
                0x08000000      0x144 CMakeFiles/APM32F103C8_Template.dir/Libraries/Device/Geehy/APM32F10x/Source/gcc/startup_apm32f10x_hd.S.obj
                0x08000000                g_apm32_Vectors
                0x08000144                        . = ALIGN (0x4)

.text           0x08000144      0x2e4
                0x08000144                        . = ALIGN (0x4)
 *(.text)
 *(.text*)
 .text.deregister_tm_clones
                0x08000144       0x1c /opt/arm-gnu-toolchain-14.2.rel1-x86_64-arm-none-eabi/bin/../lib/gcc/arm-none-eabi/14.2.1/thumb/v7-m/nofp/crtbegin.o
 .text.register_tm_clones
                0x08000160       0x24 /opt/arm-gnu-toolchain-14.2.rel1-x86_64-arm-none-eabi/bin/../lib/gcc/arm-none-eabi/14.2.1/thumb/v7-m/nofp/crtbegin.o
 .text.__do_global_dtors_aux
                0x08000184       0x28 /opt/arm-gnu-toolchain-14.2.rel1-x86_64-arm-none-eabi/bin/../lib/gcc/arm-none-eabi/14.2.1/thumb/v7-m/nofp/crtbegin.o
 .text.frame_dummy
                0x080001ac       0x24 /opt/arm-gnu-toolchain-14.2.rel1-x86_64-arm-none-eabi/bin/../lib/gcc/arm-none-eabi/14.2.1/thumb/v7-m/nofp/crtbegin.o
 .text.__libc_init_array
                0x080001d0       0x48 /opt/arm-gnu-toolchain-14.2.rel1-x86_64-arm-none-eabi/bin/../lib/gcc/arm-none-eabi/14.2.1/../../../../arm-none-eabi/lib/thumb/v7-m/nofp/libc_nano.a(libc_a-init.o)
                0x080001d0                __libc_init_array
 .text.SystemInit
                0x08000218       0x64 CMakeFiles/APM32F103C8_Template.dir/Libraries/Device/Geehy/APM32F10x/Source/system_apm32f10x.c.obj
                0x08000218                SystemInit
 .text.SystemClockConfig
                0x0800027c        0xc CMakeFiles/APM32F103C8_Template.dir/Libraries/Device/Geehy/APM32F10x/Source/system_apm32f10x.c.obj
 .text.SystemClock72M
                0x08000288       0xd8 CMakeFiles/APM32F103C8_Template.dir/Libraries/Device/Geehy/APM32F10x/Source/system_apm32f10x.c.obj
 .text.Reset_Handler
                0x08000360       0x48 CMakeFiles/APM32F103C8_Template.dir/Libraries/Device/Geehy/APM32F10x/Source/gcc/startup_apm32f10x_hd.S.obj
                0x08000360                Reset_Handler
 .text.Default_Handler
                0x080003a8        0x2 CMakeFiles/APM32F103C8_Template.dir/Libraries/Device/Geehy/APM32F10x/Source/gcc/startup_apm32f10x_hd.S.obj
                0x080003a8                RTC_Alarm_IRQHandler
                0x080003a8                USBDWakeUp_IRQHandler
                0x080003a8                TMR8_BRK_IRQHandler
                0x080003a8                TMR8_UP_IRQHandler
                0x080003a8                PVD_IRQHandler
                0x080003a8                USBD1_LP_CAN1_RX0_IRQHandler
                0x080003a8                SDIO_IRQHandler
                0x080003a8                CAN2_RX1_IRQHandler
                0x080003a8                EINT2_IRQHandler
                0x080003a8                EINT3_IRQHandler
                0x080003a8                TMR1_BRK_IRQHandler
                0x080003a8                I2C2_EV_IRQHandler
                0x080003a8                TMR1_TRG_COM_IRQHandler
                0x080003a8                TMR1_UP_IRQHandler
                0x080003a8                CAN2_SCE_IRQHandler
                0x080003a8                ADC1_2_IRQHandler
                0x080003a8                SPI1_IRQHandler
                0x080003a8                TAMPER_IRQHandler
                0x080003a8                USBD2_LP_CAN2_RX0_IRQHandler
                0x080003a8                DMA2_Channel2_IRQHandler
                0x080003a8                DMA1_Channel4_IRQHandler
                0x080003a8                USART3_IRQHandler
                0x080003a8                RTC_IRQHandler
                0x080003a8                DMA1_Channel7_IRQHandler
                0x080003a8                CAN1_RX1_IRQHandler
                0x080003a8                UART5_IRQHandler
                0x080003a8                ADC3_IRQHandler
                0x080003a8                DMA2_Channel1_IRQHandler
                0x080003a8                EINT1_IRQHandler
                0x080003a8                I2C1_EV_IRQHandler
                0x080003a8                DMA1_Channel6_IRQHandler
                0x080003a8                UART4_IRQHandler
                0x080003a8                DMA1_Channel1_IRQHandler
                0x080003a8                Default_Handler
                0x080003a8                USBD2_HP_CAN2_TX_IRQHandler
                0x080003a8                TMR5_IRQHandler
                0x080003a8                TMR2_IRQHandler
                0x080003a8                TMR1_CC_IRQHandler
                0x080003a8                SPI2_IRQHandler
                0x080003a8                EINT9_5_IRQHandler
                0x080003a8                DMA1_Channel5_IRQHandler
                0x080003a8                RCM_IRQHandler
                0x080003a8                EINT4_IRQHandler
                0x080003a8                TMR7_IRQHandler
                0x080003a8                DMA1_Channel3_IRQHandler
                0x080003a8                TMR4_IRQHandler
                0x080003a8                EINT0_IRQHandler
                0x080003a8                FSMC_IRQHandler
                0x080003a8                TMR8_CC_IRQHandler
                0x080003a8                TMR8_TRG_COM_IRQHandler
                0x080003a8                TMR3_IRQHandler
                0x080003a8                DMA2_Channel4_5_IRQHandler
                0x080003a8                USART2_IRQHandler
                0x080003a8                USBD1_HP_CAN1_TX_IRQHandler
                0x080003a8                I2C2_ER_IRQHandler
                0x080003a8                DMA1_Channel2_IRQHandler
                0x080003a8                CAN1_SCE_IRQHandler
                0x080003a8                FLASH_IRQHandler
                0x080003a8                USART1_IRQHandler
                0x080003a8                SPI3_IRQHandler
                0x080003a8                EINT15_10_IRQHandler
                0x080003a8                I2C1_ER_IRQHandler
                0x080003a8                TMR6_IRQHandler
                0x080003a8                WWDT_IRQHandler
                0x080003a8                DMA2_Channel3_IRQHandler
 .text.main     0x080003aa        0x8 CMakeFiles/APM32F103C8_Template.dir/Source/main.c.obj
                0x080003aa                main
 .text.NMI_Handler
                0x080003b2        0xc CMakeFiles/APM32F103C8_Template.dir/Source/apm32f10x_int.c.obj
                0x080003b2                NMI_Handler
 .text.HardFault_Handler
                0x080003be        0x8 CMakeFiles/APM32F103C8_Template.dir/Source/apm32f10x_int.c.obj
                0x080003be                HardFault_Handler
 .text.MemManage_Handler
                0x080003c6        0x8 CMakeFiles/APM32F103C8_Template.dir/Source/apm32f10x_int.c.obj
                0x080003c6                MemManage_Handler
 .text.BusFault_Handler
                0x080003ce        0x8 CMakeFiles/APM32F103C8_Template.dir/Source/apm32f10x_int.c.obj
                0x080003ce                BusFault_Handler
 .text.UsageFault_Handler
                0x080003d6        0x8 CMakeFiles/APM32F103C8_Template.dir/Source/apm32f10x_int.c.obj
                0x080003d6                UsageFault_Handler
 .text.SVC_Handler
                0x080003de        0xc CMakeFiles/APM32F103C8_Template.dir/Source/apm32f10x_int.c.obj
                0x080003de                SVC_Handler
 .text.DebugMon_Handler
                0x080003ea        0xc CMakeFiles/APM32F103C8_Template.dir/Source/apm32f10x_int.c.obj
                0x080003ea                DebugMon_Handler
 .text.PendSV_Handler
                0x080003f6        0xc CMakeFiles/APM32F103C8_Template.dir/Source/apm32f10x_int.c.obj
                0x080003f6                PendSV_Handler
 .text.SysTick_Handler
                0x08000402        0xc CMakeFiles/APM32F103C8_Template.dir/Source/apm32f10x_int.c.obj
                0x08000402                SysTick_Handler
 *(.glue_7)
 .glue_7        0x0800040e        0x0 linker stubs
 *(.glue_7t)
 .glue_7t       0x0800040e        0x0 linker stubs
 *(.eh_frame)
 *fill*         0x0800040e        0x2 
 .eh_frame      0x08000410        0x0 /opt/arm-gnu-toolchain-14.2.rel1-x86_64-arm-none-eabi/bin/../lib/gcc/arm-none-eabi/14.2.1/thumb/v7-m/nofp/crtbegin.o
 *(.init)
 .init          0x08000410        0x4 /opt/arm-gnu-toolchain-14.2.rel1-x86_64-arm-none-eabi/bin/../lib/gcc/arm-none-eabi/14.2.1/thumb/v7-m/nofp/crti.o
                0x08000410                _init
 .init          0x08000414        0x8 /opt/arm-gnu-toolchain-14.2.rel1-x86_64-arm-none-eabi/bin/../lib/gcc/arm-none-eabi/14.2.1/thumb/v7-m/nofp/crtn.o
 *(.fini)
 .fini          0x0800041c        0x4 /opt/arm-gnu-toolchain-14.2.rel1-x86_64-arm-none-eabi/bin/../lib/gcc/arm-none-eabi/14.2.1/thumb/v7-m/nofp/crti.o
                0x0800041c                _fini
 .fini          0x08000420        0x8 /opt/arm-gnu-toolchain-14.2.rel1-x86_64-arm-none-eabi/bin/../lib/gcc/arm-none-eabi/14.2.1/thumb/v7-m/nofp/crtn.o
                0x08000428                        . = ALIGN (0x4)
                0x08000428                        _etext = .

.vfp11_veneer   0x08000428        0x0
 .vfp11_veneer  0x08000428        0x0 linker stubs

.v4_bx          0x08000428        0x0
 .v4_bx         0x08000428        0x0 linker stubs

.iplt           0x08000428        0x0
 .iplt          0x08000428        0x0 /opt/arm-gnu-toolchain-14.2.rel1-x86_64-arm-none-eabi/bin/../lib/gcc/arm-none-eabi/14.2.1/thumb/v7-m/nofp/crtbegin.o

.rel.dyn        0x08000428        0x0
 .rel.iplt      0x08000428        0x0 /opt/arm-gnu-toolchain-14.2.rel1-x86_64-arm-none-eabi/bin/../lib/gcc/arm-none-eabi/14.2.1/thumb/v7-m/nofp/crtbegin.o

.rodata         0x08000428        0x0
                0x08000428                        . = ALIGN (0x4)
 *(.rodata)
 *(.rodata*)
                0x08000428                        . = ALIGN (0x4)

.ARM.extab
 *(.ARM.extab* .gnu.linkonce.armextab.*)

.ARM            0x08000428        0x0
                0x08000428                        __exidx_start = .
 *(.ARM.exidx*)
                0x08000428                        __exidx_end = .

.preinit_array  0x08000428        0x0
                0x08000428                        PROVIDE (__preinit_array_start = .)
 *(.preinit_array*)
                0x08000428                        PROVIDE (__preinit_array_end = .)

.init_array     0x08000428        0x4
                0x08000428                        PROVIDE (__init_array_start = .)
 *(SORT_BY_NAME(.init_array.*))
 *(.init_array*)
 .init_array    0x08000428        0x4 /opt/arm-gnu-toolchain-14.2.rel1-x86_64-arm-none-eabi/bin/../lib/gcc/arm-none-eabi/14.2.1/thumb/v7-m/nofp/crtbegin.o
                0x0800042c                        PROVIDE (__init_array_end = .)

.fini_array     0x0800042c        0x4
                [!provide]                        PROVIDE (__fini_array_start = .)
 *(SORT_BY_NAME(.fini_array.*))
 *(.fini_array*)
 .fini_array    0x0800042c        0x4 /opt/arm-gnu-toolchain-14.2.rel1-x86_64-arm-none-eabi/bin/../lib/gcc/arm-none-eabi/14.2.1/thumb/v7-m/nofp/crtbegin.o
                [!provide]                        PROVIDE (__fini_array_end = .)
                0x08000430                        _start_address_init_data = LOADADDR (.data)

.data           0x20000000        0x0 load address 0x08000430
                0x20000000                        . = ALIGN (0x4)
                0x20000000                        _start_address_data = .
 *(.data)
 *(.data*)
                0x20000000                        . = ALIGN (0x4)
                0x20000000                        _end_address_data = .

.tm_clone_table
                0x20000000        0x0 load address 0x08000430
 .tm_clone_table
                0x20000000        0x0 /opt/arm-gnu-toolchain-14.2.rel1-x86_64-arm-none-eabi/bin/../lib/gcc/arm-none-eabi/14.2.1/thumb/v7-m/nofp/crtbegin.o
 .tm_clone_table
                0x20000000        0x0 /opt/arm-gnu-toolchain-14.2.rel1-x86_64-arm-none-eabi/bin/../lib/gcc/arm-none-eabi/14.2.1/thumb/v7-m/nofp/crtend.o

.igot.plt       0x20000000        0x0 load address 0x08000430
 .igot.plt      0x20000000        0x0 /opt/arm-gnu-toolchain-14.2.rel1-x86_64-arm-none-eabi/bin/../lib/gcc/arm-none-eabi/14.2.1/thumb/v7-m/nofp/crtbegin.o
                0x20000000                        . = ALIGN (0x4)

.bss            0x20000000       0x1c load address 0x08000430
                0x20000000                        _start_address_bss = .
                0x20000000                        __bss_start__ = _start_address_bss
 *(.bss)
 *(.bss*)
 .bss.completed.1
                0x20000000        0x1 /opt/arm-gnu-toolchain-14.2.rel1-x86_64-arm-none-eabi/bin/../lib/gcc/arm-none-eabi/14.2.1/thumb/v7-m/nofp/crtbegin.o
 *fill*         0x20000001        0x3 
 .bss.object.0  0x20000004       0x18 /opt/arm-gnu-toolchain-14.2.rel1-x86_64-arm-none-eabi/bin/../lib/gcc/arm-none-eabi/14.2.1/thumb/v7-m/nofp/crtbegin.o
 *(COMMON)
                0x2000001c                        . = ALIGN (0x4)
                0x2000001c                        _end_address_bss = .
                0x2000001c                        __bss_end__ = _end_address_bss

._user_heap_stack
                0x2000001c      0x604 load address 0x08000430
                0x20000020                        . = ALIGN (0x8)
 *fill*         0x2000001c        0x4 
                [!provide]                        PROVIDE (end = .)
                [!provide]                        PROVIDE (_end = .)
                0x20000220                        . = (. + _heap_size)
 *fill*         0x20000020      0x200 
                0x20000620                        . = (. + _stack_size)
 *fill*         0x20000220      0x400 
                0x20000620                        . = ALIGN (0x8)

/DISCARD/
 libc.a(*)
 libm.a(*)
 libgcc.a(*)

.ARM.attributes
                0x00000000       0x29
 *(.ARM.attributes)
 .ARM.attributes
                0x00000000       0x1d /opt/arm-gnu-toolchain-14.2.rel1-x86_64-arm-none-eabi/bin/../lib/gcc/arm-none-eabi/14.2.1/thumb/v7-m/nofp/crti.o
 .ARM.attributes
                0x0000001d       0x2d /opt/arm-gnu-toolchain-14.2.rel1-x86_64-arm-none-eabi/bin/../lib/gcc/arm-none-eabi/14.2.1/thumb/v7-m/nofp/crtbegin.o
 .ARM.attributes
                0x0000004a       0x2d /opt/arm-gnu-toolchain-14.2.rel1-x86_64-arm-none-eabi/bin/../lib/gcc/arm-none-eabi/14.2.1/../../../../arm-none-eabi/lib/thumb/v7-m/nofp/libc_nano.a(libc_a-init.o)
 .ARM.attributes
                0x00000077       0x2d CMakeFiles/APM32F103C8_Template.dir/Libraries/Device/Geehy/APM32F10x/Source/system_apm32f10x.c.obj
 .ARM.attributes
                0x000000a4       0x21 CMakeFiles/APM32F103C8_Template.dir/Libraries/Device/Geehy/APM32F10x/Source/gcc/startup_apm32f10x_hd.S.obj
 .ARM.attributes
                0x000000c5       0x2d CMakeFiles/APM32F103C8_Template.dir/Source/main.c.obj
 .ARM.attributes
                0x000000f2       0x2d CMakeFiles/APM32F103C8_Template.dir/Source/apm32f10x_int.c.obj
 .ARM.attributes
                0x0000011f       0x2d /opt/arm-gnu-toolchain-14.2.rel1-x86_64-arm-none-eabi/bin/../lib/gcc/arm-none-eabi/14.2.1/thumb/v7-m/nofp/crtend.o
 .ARM.attributes
                0x0000014c       0x1d /opt/arm-gnu-toolchain-14.2.rel1-x86_64-arm-none-eabi/bin/../lib/gcc/arm-none-eabi/14.2.1/thumb/v7-m/nofp/crtn.o
OUTPUT(APM32F103C8_Template elf32-littlearm)
LOAD linker stubs
LOAD /opt/arm-gnu-toolchain-14.2.rel1-x86_64-arm-none-eabi/bin/../lib/gcc/arm-none-eabi/14.2.1/../../../../arm-none-eabi/lib/thumb/v7-m/nofp/libc.a
LOAD /opt/arm-gnu-toolchain-14.2.rel1-x86_64-arm-none-eabi/bin/../lib/gcc/arm-none-eabi/14.2.1/../../../../arm-none-eabi/lib/thumb/v7-m/nofp/libm.a
LOAD /opt/arm-gnu-toolchain-14.2.rel1-x86_64-arm-none-eabi/bin/../lib/gcc/arm-none-eabi/14.2.1/thumb/v7-m/nofp/libgcc.a

.debug_frame    0x00000000      0x1fc
 .debug_frame   0x00000000       0x2c /opt/arm-gnu-toolchain-14.2.rel1-x86_64-arm-none-eabi/bin/../lib/gcc/arm-none-eabi/14.2.1/../../../../arm-none-eabi/lib/thumb/v7-m/nofp/libc_nano.a(libc_a-init.o)
 .debug_frame   0x0000002c       0x98 CMakeFiles/APM32F103C8_Template.dir/Libraries/Device/Geehy/APM32F10x/Source/system_apm32f10x.c.obj
 .debug_frame   0x000000c4       0x28 CMakeFiles/APM32F103C8_Template.dir/Source/main.c.obj
 .debug_frame   0x000000ec      0x110 CMakeFiles/APM32F103C8_Template.dir/Source/apm32f10x_int.c.obj

.debug_info     0x00000000     0x149e
 .debug_info    0x00000000     0x12e6 CMakeFiles/APM32F103C8_Template.dir/Libraries/Device/Geehy/APM32F10x/Source/system_apm32f10x.c.obj
 .debug_info    0x000012e6       0x30 CMakeFiles/APM32F103C8_Template.dir/Libraries/Device/Geehy/APM32F10x/Source/gcc/startup_apm32f10x_hd.S.obj
 .debug_info    0x00001316       0x87 CMakeFiles/APM32F103C8_Template.dir/Source/main.c.obj
 .debug_info    0x0000139d      0x101 CMakeFiles/APM32F103C8_Template.dir/Source/apm32f10x_int.c.obj

.debug_abbrev   0x00000000      0x281
 .debug_abbrev  0x00000000      0x1cf CMakeFiles/APM32F103C8_Template.dir/Libraries/Device/Geehy/APM32F10x/Source/system_apm32f10x.c.obj
 .debug_abbrev  0x000001cf       0x24 CMakeFiles/APM32F103C8_Template.dir/Libraries/Device/Geehy/APM32F10x/Source/gcc/startup_apm32f10x_hd.S.obj
 .debug_abbrev  0x000001f3       0x47 CMakeFiles/APM32F103C8_Template.dir/Source/main.c.obj
 .debug_abbrev  0x0000023a       0x47 CMakeFiles/APM32F103C8_Template.dir/Source/apm32f10x_int.c.obj

.debug_aranges  0x00000000       0xe0
 .debug_aranges
                0x00000000       0x38 CMakeFiles/APM32F103C8_Template.dir/Libraries/Device/Geehy/APM32F10x/Source/system_apm32f10x.c.obj
 .debug_aranges
                0x00000038       0x28 CMakeFiles/APM32F103C8_Template.dir/Libraries/Device/Geehy/APM32F10x/Source/gcc/startup_apm32f10x_hd.S.obj
 .debug_aranges
                0x00000060       0x20 CMakeFiles/APM32F103C8_Template.dir/Source/main.c.obj
 .debug_aranges
                0x00000080       0x60 CMakeFiles/APM32F103C8_Template.dir/Source/apm32f10x_int.c.obj

.debug_rnglists
                0x00000000       0x96
 .debug_rnglists
                0x00000000       0x27 CMakeFiles/APM32F103C8_Template.dir/Libraries/Device/Geehy/APM32F10x/Source/system_apm32f10x.c.obj
 .debug_rnglists
                0x00000027       0x19 CMakeFiles/APM32F103C8_Template.dir/Libraries/Device/Geehy/APM32F10x/Source/gcc/startup_apm32f10x_hd.S.obj
 .debug_rnglists
                0x00000040       0x13 CMakeFiles/APM32F103C8_Template.dir/Source/main.c.obj
 .debug_rnglists
                0x00000053       0x43 CMakeFiles/APM32F103C8_Template.dir/Source/apm32f10x_int.c.obj

.debug_macro    0x00000000     0x26c9
 .debug_macro   0x00000000       0xbd CMakeFiles/APM32F103C8_Template.dir/Libraries/Device/Geehy/APM32F10x/Source/system_apm32f10x.c.obj
 .debug_macro   0x000000bd      0xacc CMakeFiles/APM32F103C8_Template.dir/Libraries/Device/Geehy/APM32F10x/Source/system_apm32f10x.c.obj
 .debug_macro   0x00000b89       0x4c CMakeFiles/APM32F103C8_Template.dir/Libraries/Device/Geehy/APM32F10x/Source/system_apm32f10x.c.obj
 .debug_macro   0x00000bd5       0x22 CMakeFiles/APM32F103C8_Template.dir/Libraries/Device/Geehy/APM32F10x/Source/system_apm32f10x.c.obj
 .debug_macro   0x00000bf7       0x8e CMakeFiles/APM32F103C8_Template.dir/Libraries/Device/Geehy/APM32F10x/Source/system_apm32f10x.c.obj
 .debug_macro   0x00000c85       0x51 CMakeFiles/APM32F103C8_Template.dir/Libraries/Device/Geehy/APM32F10x/Source/system_apm32f10x.c.obj
 .debug_macro   0x00000cd6      0x103 CMakeFiles/APM32F103C8_Template.dir/Libraries/Device/Geehy/APM32F10x/Source/system_apm32f10x.c.obj
 .debug_macro   0x00000dd9       0x6a CMakeFiles/APM32F103C8_Template.dir/Libraries/Device/Geehy/APM32F10x/Source/system_apm32f10x.c.obj
 .debug_macro   0x00000e43      0x1df CMakeFiles/APM32F103C8_Template.dir/Libraries/Device/Geehy/APM32F10x/Source/system_apm32f10x.c.obj
 .debug_macro   0x00001022       0x1c CMakeFiles/APM32F103C8_Template.dir/Libraries/Device/Geehy/APM32F10x/Source/system_apm32f10x.c.obj
 .debug_macro   0x0000103e       0x22 CMakeFiles/APM32F103C8_Template.dir/Libraries/Device/Geehy/APM32F10x/Source/system_apm32f10x.c.obj
 .debug_macro   0x00001060       0xdf CMakeFiles/APM32F103C8_Template.dir/Libraries/Device/Geehy/APM32F10x/Source/system_apm32f10x.c.obj
 .debug_macro   0x0000113f      0xcc1 CMakeFiles/APM32F103C8_Template.dir/Libraries/Device/Geehy/APM32F10x/Source/system_apm32f10x.c.obj
 .debug_macro   0x00001e00      0x5a6 CMakeFiles/APM32F103C8_Template.dir/Libraries/Device/Geehy/APM32F10x/Source/system_apm32f10x.c.obj
 .debug_macro   0x000023a6      0x106 CMakeFiles/APM32F103C8_Template.dir/Source/main.c.obj
 .debug_macro   0x000024ac      0x10d CMakeFiles/APM32F103C8_Template.dir/Source/main.c.obj
 .debug_macro   0x000025b9      0x110 CMakeFiles/APM32F103C8_Template.dir/Source/apm32f10x_int.c.obj

.debug_line     0x00000000      0xf81
 .debug_line    0x00000000      0x4b8 CMakeFiles/APM32F103C8_Template.dir/Libraries/Device/Geehy/APM32F10x/Source/system_apm32f10x.c.obj
 .debug_line    0x000004b8       0x78 CMakeFiles/APM32F103C8_Template.dir/Libraries/Device/Geehy/APM32F10x/Source/gcc/startup_apm32f10x_hd.S.obj
 .debug_line    0x00000530      0x4cc CMakeFiles/APM32F103C8_Template.dir/Source/main.c.obj
 .debug_line    0x000009fc      0x585 CMakeFiles/APM32F103C8_Template.dir/Source/apm32f10x_int.c.obj

.debug_str      0x00000000     0xb96f
 .debug_str     0x00000000     0xb96f CMakeFiles/APM32F103C8_Template.dir/Libraries/Device/Geehy/APM32F10x/Source/system_apm32f10x.c.obj
                               0xb3cc (size before relaxing)
 .debug_str     0x0000b96f       0xc1 CMakeFiles/APM32F103C8_Template.dir/Libraries/Device/Geehy/APM32F10x/Source/gcc/startup_apm32f10x_hd.S.obj
 .debug_str     0x0000b96f     0xb155 CMakeFiles/APM32F103C8_Template.dir/Source/main.c.obj
 .debug_str     0x0000b96f     0xb1fc CMakeFiles/APM32F103C8_Template.dir/Source/apm32f10x_int.c.obj

.comment        0x00000000       0x45
 .comment       0x00000000       0x45 CMakeFiles/APM32F103C8_Template.dir/Libraries/Device/Geehy/APM32F10x/Source/system_apm32f10x.c.obj
                                 0x46 (size before relaxing)
 .comment       0x00000045       0x46 CMakeFiles/APM32F103C8_Template.dir/Source/main.c.obj
 .comment       0x00000045       0x46 CMakeFiles/APM32F103C8_Template.dir/Source/apm32f10x_int.c.obj

.debug_line_str
                0x00000000       0xa5
 .debug_line_str
                0x00000000       0xa5 CMakeFiles/APM32F103C8_Template.dir/Libraries/Device/Geehy/APM32F10x/Source/gcc/startup_apm32f10x_hd.S.obj
